// Vitest Snapshot v1, https://vitest.dev/guide/snapshot.html

exports[`Testes Unitários - Rotas do Legado com Mocks > GET /products > Deve refletir as mudanças no legado (com mock) 1`] = `
{
  "message": "Retorna todos produtos",
}
`;

exports[`Testes Unitários - Rotas do Legado com Mocks > GET /products > Deve refletir as mudanças no legado 1`] = `
{
  "message": "Retorna todos produtos",
}
`;

exports[`Testes Unitários - Rotas do Legado com Mocks > GET /products > Deve retornar os produtos 1`] = `
{
  "message": "Retorna todos produtos",
}
`;

exports[`Testes Unitários - Rotas do Legado com Mocks > POST /product > Deve criar produtos com a condição de diferente de "sim" 1`] = `
{
  "message": "nao entrou na condicao da criacao do produto",
}
`;

exports[`Testes Unitários - Rotas do Legado com Mocks > POST /product > Deve criar produtos com a condição de input "sim" 1`] = `
{
  "message": "entrou na condicao da criacao do produto",
}
`;

exports[`Testes Unitários - Rotas do Legado com Mocks > POST /product > Deve refletir mudanças ao criar um produto com input "sim" 1`] = `
{
  "message": "entrou na condicao da criacao do produto",
}
`;

exports[`Testes Unitários - Rotas do Legado com Mocks > POST /product > Deve refletir mudanças ao criar um produto com input diferente de "sim" 1`] = `
{
  "message": "nao entrou na condicao da criacao do produto",
}
`;

exports[`Testes Unitários - Rotas do Legado com Mocks > PUT /product > Deve atualizar um produto existente 1`] = `
{
  "message": "o produto 87 foi atualizado",
}
`;

exports[`Testes Unitários - Rotas do Legado com Mocks > PUT /product > Deve refletir mudanças ao atualizar um produto existente 1`] = `
{
  "message": "o produto 87 foi atualizado",
}
`;

exports[`Testes Unitários - Rotas do Legado com Mocks > PUT /product > Deve refletir mudanças ao tentar atualizar um produto inexistente 1`] = `
{
  "status": "nao achou nenhum produto",
}
`;

exports[`Testes Unitários - Rotas do Legado com Mocks > PUT /product > Deve tentar atualizar um produto inexistente 1`] = `
{
  "status": "nao achou nenhum produto",
}
`;
